../Drivers/CMSIS/Include/core_cm4.h:2064:26:ITM_SendChar	16	static,ignoring_inline_asm
../Core/Src/main.c:86:5:_write	32	static
../Core/Src/main.c:93:6:sendDataUART	32	static
../Core/Src/main.c:116:5:main	40	static
../Core/Src/main.c:194:6:SystemClock_Config	88	static
../Core/Src/main.c:240:13:MX_TIM1_Init	32	static
../Core/Src/main.c:286:13:MX_TIM2_Init	56	static
../Core/Src/main.c:335:13:MX_TIM3_Init	64	static
../Core/Src/main.c:394:13:MX_USART2_UART_Init	8	static
../Core/Src/main.c:427:13:MX_GPIO_Init	56	static
../Core/Src/main.c:559:6:HAL_TIM_PeriodElapsedCallback	32	static
../Core/Src/main.c:586:6:HAL_UART_RxCpltCallback	16	static
../Core/Src/main.c:602:6:Error_Handler	4	static,ignoring_inline_asm
