../Drivers/CMSIS/Include/core_cm4.h:2064:26:ITM_SendChar	4
../Core/Src/main.c:86:5:_write	2
../Core/Src/main.c:93:6:sendDataUART	1
../Core/Src/main.c:116:5:main	1
../Core/Src/main.c:194:6:SystemClock_Config	3
../Core/Src/main.c:240:13:MX_TIM1_Init	4
../Core/Src/main.c:286:13:MX_TIM2_Init	3
../Core/Src/main.c:335:13:MX_TIM3_Init	6
../Core/Src/main.c:394:13:MX_USART2_UART_Init	2
../Core/Src/main.c:427:13:MX_GPIO_Init	1
../Core/Src/main.c:559:6:HAL_TIM_PeriodElapsedCallback	3
../Core/Src/main.c:586:6:HAL_UART_RxCpltCallback	4
../Core/Src/main.c:602:6:Error_Handler	1
